// Jest Snapshot v1, https://goo.gl/fbAQLP

exports[`Content pass snapshot 1`] = `
<p>
  Flowshot popup
</p>
`;
